
========================================================================
BASELINE  — per-process CPU over 15 s (% of ONE core)
========================================================================
6 cores. ps %CPU is a lifetime average and reads low on a freshly booted box; these are /proc deltas.

  PID     COMM                     %1core     %all6
  2957    python3                    96.2      16.0
  3230    ffmpeg                     42.5       7.1
  3020    Mcnamu_driver_X            38.9       6.5
  3032    lidar_3d_proces            38.3       6.4
  3024    icm42688_node              31.3       5.2
  3028    ekf_node                   13.5       2.3
  698     tailscaled                 13.2       2.2
  3026    imu_filter_madg             9.1       1.5
  678     sugov:0                     7.3       1.2
  679     sugov:4                     6.3       1.1
  3169    mediamtx                    5.1       0.8
  3030    ydlidar_ros2_dr             4.8       0.8
  3018    robot_state_pub             2.5       0.4
  2752    sshd                        1.4       0.2
  3022    base_node_X3                1.3       0.2
  453     kworker/u13:1-uvcvideo      1.0       0.2
  25      ksoftirqd/2                 0.9       0.2
  149     irq/168-c250000             0.7       0.1

  sum of sampled procs :  317.9 % of one core  (3.18 cores)
  system busy (all 6)  :   58.1 %  => 2.52 cores idle
  loadavg              : 6.10 4.67 2.53 8/584 4095

========================================================================
RATES — what the deskew has to interpolate between
========================================================================
  topic                            n       Hz   min ms   max ms   std ms
  /scan_raw                      108     7.18      1.7    450.1     35.6
  /scan                          108     7.17      1.7    432.2     37.4
  /lidar_tilt/joint_states       561    37.35      1.0    386.6     27.0
  /joint_states                  561    37.35      0.9    385.6     27.0
  /tf                            928    64.06      0.5    354.3     13.0

  Interpolation error budget for lidar_tilt_joint:
    sweep        deg/sample    worst gap       at 3 m
    6 s (15 deg/s)       0.40         5.80       15.2 cm
    4 s (22.5)         0.60         8.70       22.8 cm
    2 s (45)           1.20        17.40       45.9 cm
    (worst gap = deg travelled across the LONGEST observed publish gap; the
     3 m column is the mid-gap linear-interpolation error, i.e. the deskew
     floor unless the tilt publisher is made faster AND regular.)

========================================================================
DESKEW — cost of the candidate algorithm at the MEASURED beam count
========================================================================
  implementation                 mean ms    p95 ms    max ms   %core @7.2Hz
  projectLaser (today)             5.843     5.914    32.262       4.21
  numpy deskew @ 0 deg/s           0.764     0.805     1.256       0.55
  numpy deskew @ 15 deg/s          0.774     0.813     0.838       0.56
  numpy deskew @ 45 deg/s          0.743     0.776     0.860       0.53

  2795 beams, 136.7 ms scan window, 7.2 Hz.  Deskew replaces projectLaser,
  so the marginal cost is the difference between the two rows.

========================================================================
TF CHAIN — cost of publishing lidar_tilt_joint faster
========================================================================
  Private namespace /bench: its own joint_state_publisher +
  robot_state_publisher.  The real /lidar_tilt/joint_states is NOT
  touched — a second publisher there would fight server_x3.py for
  the /scan safety gate.

  bench nodes: robot_state_pub(4113), joint_state_pub(4114)   (jsp rate param = 10 Hz)

  cmd Hz          js Hz      tf Hz  jsp %core  rsp %core
  10               10.0        8.9        4.4        1.4
  25               25.0       10.0        6.7        1.0
  50               50.0       10.0       10.9        1.2
  100             100.0       10.0       16.9        0.9

  (jsp/rsp %core are on top of each other; the real stack also
   carries wheel joints, so treat these as a lower bound.)

========================================================================
OCTOMAP — the load that actually scales with sweep rate
========================================================================
  Private /bench octomap_server fed REAL /scan_raw geometry,
  re-pitched through the sweep range so the raycasts are as long
  and as varied as a real sweep.  The live octomap is untouched.

  captured 12 real scans (2793 beams each)
  bank: 12 clouds, 2638 points mean, pitched -45..+45 deg
  raycast work per cloud ~ 2638 pts x 160 voxels = 0.42 M traversals
  bench octomap pid [4269]

  pub Hz           sent   inserted   keep up?  oct %core
  2.5               2.3        2.3       100%       23.1
  7.2               6.7        6.7       100%       58.5
  14.4             13.5       12.4        92%       97.5

  "keep up?" below ~95%% means octomap_server is dropping clouds: it is
  single-threaded, so the message filter backs up and you get the
  "queue is full" symptom rather than an error.

========================================================================
SERVO — can the Dynamixel bus feed a 50 Hz tilt publisher?
========================================================================
  SKIPPED.  This stage needs /dev/openrb150, which x3_server
  holds.  Re-run with --i-will-stop-the-server to stop the
  service, measure, and restart it.
